// Jest Snapshot v1, https://goo.gl/fbAQLP

exports[`Pruebas en el componente <CounterApp /> Debe hacer match con el snapshot 1`] = `
<div>
  <h1>
    CounterApp
  </h1>
  <h2>
    100
  </h2>
  <hr />
  <button
    type="button"
  >
    +1
  </button>
  <button
    type="button"
  >
    -1
  </button>
  <button
    type="button"
  >
    Reset
  </button>
</div>
`;
