// Jest Snapshot v1, https://goo.gl/fbAQLP

exports[`Pruebas en el componente <FirstApp /> Debe de hacer match con el snapshot 1`] = `
<div>
  <h1
    data-testid="title"
  >
    Hola mundo
  </h1>
  <h2
    data-testid="prop-number"
  >
    Estoy recibiendo un prop númerico: 
    NaN
  </h2>
  <hr />
  <h2>
    Hola, mi nombre es 
    Jesús Martínez Torres
  </h2>
  <h3>
    1
    2
    3
    4
    5
    6
    7
    8
    9
  </h3>
  <p>
    {"author":"Jesús Martínez Torres","message":"Hola, soy goku"}
  </p>
  <p>
    Estoy retornando algo
  </p>
  <h3>
    Este es un subtitulo del subtitulo 
    1118
  </h3>
</div>
`;
